Component: ARM Compiler 5.06 update 3 (build 300) Tool: armlink [4d35c9]

==============================================================================

Section Cross References

    main.o(i.InitInput) refers to main.o(i.NVIC_SetPriority) for NVIC_SetPriority
    main.o(i.InitInput) refers to main.o(i.NVIC_ClearPendingIRQ) for NVIC_ClearPendingIRQ
    main.o(i.PORTA_IRQHandler) refers to main.o(i.NVIC_ClearPendingIRQ) for NVIC_ClearPendingIRQ
    main.o(i.PORTA_IRQHandler) refers to main.o(i.code) for code
    main.o(i.Recognise) refers to main.o(.constdata) for LedMask
    main.o(i.code) refers to _printf_percent.o(.ARM.Collect$$_printf_percent$$00000000) for _printf_percent
    main.o(i.code) refers to _printf_d.o(.ARM.Collect$$_printf_percent$$00000009) for _printf_d
    main.o(i.code) refers to _printf_dec.o(.text) for _printf_int_dec
    main.o(i.code) refers to uart.o(i.SendString) for SendString
    main.o(i.code) refers to main.o(i.Recognise) for Recognise
    main.o(i.code) refers to noretval__2sprintf.o(.text) for __2sprintf
    main.o(i.code) refers to pit.o(.data) for timer_on
    main.o(i.ledInit) refers to main.o(.constdata) for LedMask
    main.o(i.main) refers to main.o(i.ledInit) for ledInit
    main.o(i.main) refers to i2c.o(i.InitI2C) for InitI2C
    main.o(i.main) refers to uart.o(i.uart_init) for uart_init
    main.o(i.main) refers to mpu6050.o(i.SetRangeAccel) for SetRangeAccel
    main.o(i.main) refers to mpu6050.o(i.MpuInit) for MpuInit
    main.o(i.main) refers to mpu6050.o(i.MotionInit) for MotionInit
    main.o(i.main) refers to main.o(i.InitInput) for InitInput
    main.o(i.main) refers to pit.o(i.pitInit) for pitInit
    main.o(i.main) refers to uart.o(i.SendString) for SendString
    i2c.o(i.ReadRegisterI2C) refers to i2c.o(i.EnableI2C) for EnableI2C
    i2c.o(i.ReadRegisterI2C) refers to i2c.o(i.MasterModeI2C) for MasterModeI2C
    i2c.o(i.ReadRegisterI2C) refers to i2c.o(i.SendModeI2C) for SendModeI2C
    i2c.o(i.ReadRegisterI2C) refers to i2c.o(i.SendByteI2C) for SendByteI2C
    i2c.o(i.ReadRegisterI2C) refers to i2c.o(i.BusyI2C) for BusyI2C
    i2c.o(i.ReadRegisterI2C) refers to i2c.o(i.SendRestartI2C) for SendRestartI2C
    i2c.o(i.ReadRegisterI2C) refers to i2c.o(i.ReceiveModeI2C) for ReceiveModeI2C
    i2c.o(i.ReadRegisterI2C) refers to i2c.o(i.DisableAckI2C) for DisableAckI2C
    i2c.o(i.ReadRegisterI2C) refers to i2c.o(i.ReadByteI2C) for ReadByteI2C
    i2c.o(i.ReadRegisterI2C) refers to i2c.o(i.SlaveModeI2C) for SlaveModeI2C
    i2c.o(i.ReadRegisterI2C) refers to i2c.o(i.DisableI2C) for DisableI2C
    i2c.o(i.ReadRegisterI2C) refers to i2c.o(i.WaitI2C) for WaitI2C
    i2c.o(i.WriteRegisterI2C) refers to i2c.o(i.EnableI2C) for EnableI2C
    i2c.o(i.WriteRegisterI2C) refers to i2c.o(i.SendModeI2C) for SendModeI2C
    i2c.o(i.WriteRegisterI2C) refers to i2c.o(i.MasterModeI2C) for MasterModeI2C
    i2c.o(i.WriteRegisterI2C) refers to i2c.o(i.SendByteI2C) for SendByteI2C
    i2c.o(i.WriteRegisterI2C) refers to i2c.o(i.BusyI2C) for BusyI2C
    i2c.o(i.WriteRegisterI2C) refers to i2c.o(i.SlaveModeI2C) for SlaveModeI2C
    i2c.o(i.WriteRegisterI2C) refers to i2c.o(i.ReceiveModeI2C) for ReceiveModeI2C
    i2c.o(i.WriteRegisterI2C) refers to i2c.o(i.DisableI2C) for DisableI2C
    i2c.o(i.WriteRegisterI2C) refers to i2c.o(i.WaitI2C) for WaitI2C
    mpu6050.o(i.MotionInit) refers to i2c.o(i.WriteRegisterI2C) for WriteRegisterI2C
    mpu6050.o(i.MpuInit) refers to i2c.o(i.WriteRegisterI2C) for WriteRegisterI2C
    mpu6050.o(i.ReadAxisAccel) refers to i2c.o(i.ReadRegisterI2C) for ReadRegisterI2C
    mpu6050.o(i.ReadTemperature) refers to i2c.o(i.ReadRegisterI2C) for ReadRegisterI2C
    mpu6050.o(i.ReadTemperature) refers to aeabi_sdiv.o(.text) for __aeabi_idivmod
    mpu6050.o(i.ReadTemperature) refers to dflti.o(.text) for __aeabi_i2d
    mpu6050.o(i.ReadTemperature) refers to daddsub.o(.text) for __aeabi_dadd
    mpu6050.o(i.ReadTemperature) refers to d2f.o(.text) for __aeabi_d2f
    mpu6050.o(i.SetRangeAccel) refers to i2c.o(i.WriteRegisterI2C) for WriteRegisterI2C
    uart.o(i.GetValue) refers to uart.o(i.SendString) for SendString
    pit.o(i.PIT_IRQHandler) refers to pit.o(i.NVIC_ClearPendingIRQ) for NVIC_ClearPendingIRQ
    pit.o(i.PIT_IRQHandler) refers to uart.o(i.SendString) for SendString
    pit.o(i.PIT_IRQHandler) refers to pit.o(.data) for timer_on
    pit.o(i.pitInit) refers to pit.o(i.NVIC_SetPriority) for NVIC_SetPriority
    pit.o(i.pitInit) refers to pit.o(i.NVIC_ClearPendingIRQ) for NVIC_ClearPendingIRQ
    pit.o(i.pitInit) refers to pit.o(.data) for starting_value
    startup_mkl25z4.o(STACK) refers (Special) to heapauxi.o(.text) for __use_two_region_memory
    startup_mkl25z4.o(HEAP) refers (Special) to heapauxi.o(.text) for __use_two_region_memory
    startup_mkl25z4.o(RESET) refers (Special) to heapauxi.o(.text) for __use_two_region_memory
    startup_mkl25z4.o(RESET) refers to startup_mkl25z4.o(STACK) for __initial_sp
    startup_mkl25z4.o(RESET) refers to startup_mkl25z4.o(.text) for Reset_Handler
    startup_mkl25z4.o(RESET) refers to pit.o(i.PIT_IRQHandler) for PIT_IRQHandler
    startup_mkl25z4.o(RESET) refers to main.o(i.PORTA_IRQHandler) for PORTA_IRQHandler
    startup_mkl25z4.o(.ARM.__at_0x400) refers (Special) to heapauxi.o(.text) for __use_two_region_memory
    startup_mkl25z4.o(.text) refers (Special) to heapauxi.o(.text) for __use_two_region_memory
    startup_mkl25z4.o(.text) refers to system_mkl25z4.o(i.SystemInit) for SystemInit
    startup_mkl25z4.o(.text) refers to __main.o(!!!main) for __main
    startup_mkl25z4.o(.text) refers to startup_mkl25z4.o(HEAP) for Heap_Mem
    startup_mkl25z4.o(.text) refers to startup_mkl25z4.o(STACK) for Stack_Mem
    system_mkl25z4.o(i.SystemCoreClockUpdate) refers to aeabi_sdiv.o(.text) for __aeabi_uidivmod
    system_mkl25z4.o(i.SystemCoreClockUpdate) refers to system_mkl25z4.o(i.__ARM_common_switch8) for __ARM_common_switch8
    system_mkl25z4.o(i.SystemCoreClockUpdate) refers to system_mkl25z4.o(.data) for SystemCoreClock
    __2sprintf.o(.text) refers to _printf_char_common.o(.text) for _printf_char_common
    __2sprintf.o(.text) refers to _sputc.o(.text) for _sputc
    noretval__2sprintf.o(.text) refers to _printf_char_common.o(.text) for _printf_char_common
    noretval__2sprintf.o(.text) refers to _sputc.o(.text) for _sputc
    __printf.o(.text) refers to _printf_percent.o(.ARM.Collect$$_printf_percent$$00000000) for _printf_percent
    _printf_dec.o(.text) refers to rtudiv10.o(.text) for __rt_udiv10
    _printf_dec.o(.text) refers to _printf_intcommon.o(.text) for _printf_int_common
    __printf_flags.o(.text) refers to _printf_percent.o(.ARM.Collect$$_printf_percent$$00000000) for _printf_percent
    __printf_flags.o(.text) refers to __printf_flags.o(.constdata) for .constdata
    __printf_ss.o(.text) refers to _printf_percent.o(.ARM.Collect$$_printf_percent$$00000000) for _printf_percent
    __printf_flags_ss.o(.text) refers to _printf_percent.o(.ARM.Collect$$_printf_percent$$00000000) for _printf_percent
    __printf_flags_ss.o(.text) refers to __printf_flags_ss.o(.constdata) for .constdata
    __printf_wp.o(.text) refers to __printf_wp.o(i._is_digit) for _is_digit
    __printf_wp.o(.text) refers to _printf_percent.o(.ARM.Collect$$_printf_percent$$00000000) for _printf_percent
    __printf_flags_wp.o(.text) refers to __printf_wp.o(i._is_digit) for _is_digit
    __printf_flags_wp.o(.text) refers to _printf_percent.o(.ARM.Collect$$_printf_percent$$00000000) for _printf_percent
    __printf_flags_wp.o(.text) refers to __printf_flags_wp.o(.constdata) for .constdata
    __printf_ss_wp.o(.text) refers to __printf_wp.o(i._is_digit) for _is_digit
    __printf_ss_wp.o(.text) refers to _printf_percent.o(.ARM.Collect$$_printf_percent$$00000000) for _printf_percent
    __printf_flags_ss_wp.o(.text) refers to __printf_wp.o(i._is_digit) for _is_digit
    __printf_flags_ss_wp.o(.text) refers to _printf_percent.o(.ARM.Collect$$_printf_percent$$00000000) for _printf_percent
    __printf_flags_ss_wp.o(.text) refers to __printf_flags_ss_wp.o(.constdata) for .constdata
    _printf_d.o(.ARM.Collect$$_printf_percent$$00000009) refers (Weak) to _printf_dec.o(.text) for _printf_int_dec
    _printf_percent.o(.ARM.Collect$$_printf_percent$$00000000) refers (Special) to _printf_percent_end.o(.ARM.Collect$$_printf_percent$$00000017) for _printf_percent_end
    __main.o(!!!main) refers to __rtentry.o(.ARM.Collect$$rtentry$$00000000) for __rt_entry
    d2f.o(.text) refers (Special) to usenofp.o(x$fpl$usenofp) for __I$use$fp
    daddsub.o(.text) refers (Special) to usenofp.o(x$fpl$usenofp) for __I$use$fp
    dflti.o(.text) refers (Special) to usenofp.o(x$fpl$usenofp) for __I$use$fp
    __rtentry.o(.ARM.Collect$$rtentry$$00000000) refers (Special) to __rtentry2.o(.ARM.Collect$$rtentry$$0000000A) for __rt_entry_li
    __rtentry.o(.ARM.Collect$$rtentry$$00000000) refers (Special) to __rtentry2.o(.ARM.Collect$$rtentry$$0000000D) for __rt_entry_main
    __rtentry.o(.ARM.Collect$$rtentry$$00000000) refers (Special) to __rtentry2.o(.ARM.Collect$$rtentry$$0000000C) for __rt_entry_postli_1
    __rtentry.o(.ARM.Collect$$rtentry$$00000000) refers (Special) to __rtentry2.o(.ARM.Collect$$rtentry$$00000009) for __rt_entry_postsh_1
    __rtentry.o(.ARM.Collect$$rtentry$$00000000) refers (Special) to __rtentry2.o(.ARM.Collect$$rtentry$$00000002) for __rt_entry_presh_1
    __rtentry.o(.ARM.Collect$$rtentry$$00000000) refers (Special) to __rtentry4.o(.ARM.Collect$$rtentry$$00000004) for __rt_entry_sh
    aeabi_idiv0_sigfpe.o(.text) refers to rt_div0.o(.text) for __rt_div0
    _printf_char_common.o(.text) refers to __printf.o(.text) for __printf
    __rtentry2.o(.ARM.Collect$$rtentry$$00000008) refers to boardinit2.o(.text) for _platform_post_stackheap_init
    __rtentry2.o(.ARM.Collect$$rtentry$$0000000A) refers to libinit.o(.ARM.Collect$$libinit$$00000000) for __rt_lib_init
    __rtentry2.o(.ARM.Collect$$rtentry$$0000000B) refers to boardinit3.o(.text) for _platform_post_lib_init
    __rtentry2.o(.ARM.Collect$$rtentry$$0000000D) refers to main.o(i.main) for main
    __rtentry2.o(.ARM.Collect$$rtentry$$0000000D) refers to exit.o(.text) for exit
    __rtentry2.o(.ARM.exidx) refers to __rtentry2.o(.ARM.Collect$$rtentry$$00000001) for .ARM.Collect$$rtentry$$00000001
    __rtentry2.o(.ARM.exidx) refers to __rtentry2.o(.ARM.Collect$$rtentry$$00000008) for .ARM.Collect$$rtentry$$00000008
    __rtentry2.o(.ARM.exidx) refers to __rtentry2.o(.ARM.Collect$$rtentry$$0000000A) for .ARM.Collect$$rtentry$$0000000A
    __rtentry2.o(.ARM.exidx) refers to __rtentry2.o(.ARM.Collect$$rtentry$$0000000B) for .ARM.Collect$$rtentry$$0000000B
    __rtentry2.o(.ARM.exidx) refers to __rtentry2.o(.ARM.Collect$$rtentry$$0000000D) for .ARM.Collect$$rtentry$$0000000D
    __rtentry4.o(.ARM.Collect$$rtentry$$00000004) refers to sys_stackheap_outer.o(.text) for __user_setup_stackheap
    __rtentry4.o(.ARM.exidx) refers to __rtentry4.o(.ARM.Collect$$rtentry$$00000004) for .ARM.Collect$$rtentry$$00000004
    rt_div0.o(.text) refers to defsig_fpe_outer.o(.text) for __rt_SIGFPE
    sys_stackheap_outer.o(.text) refers to libspace.o(.text) for __user_perproc_libspace
    sys_stackheap_outer.o(.text) refers to startup_mkl25z4.o(.text) for __user_initial_stackheap
    sys_stackheap_outer.o(__vectab_stack_and_reset_area) refers to tempstk.o(.text) for __temporary_stack_top
    sys_stackheap_outer.o(__vectab_stack_and_reset_area) refers to __main.o(!!!main) for __main
    exit.o(.text) refers to rtexit.o(.ARM.Collect$$rtexit$$00000000) for __rt_exit
    defsig_fpe_outer.o(.text) refers to defsig_fpe_inner.o(.text) for __rt_SIGFPE_inner
    defsig_fpe_outer.o(.text) refers to defsig_exit.o(.text) for __sig_exit
    defsig_fpe_formal.o(.text) refers to rt_raise.o(.text) for __rt_raise
    libinit.o(.ARM.Collect$$libinit$$00000000) refers (Special) to libinit2.o(.ARM.Collect$$libinit$$0000002E) for __rt_lib_init_alloca_1
    libinit.o(.ARM.Collect$$libinit$$00000000) refers (Special) to libinit2.o(.ARM.Collect$$libinit$$0000002C) for __rt_lib_init_argv_1
    libinit.o(.ARM.Collect$$libinit$$00000000) refers (Special) to libinit2.o(.ARM.Collect$$libinit$$0000001B) for __rt_lib_init_atexit_1
    libinit.o(.ARM.Collect$$libinit$$00000000) refers (Special) to libinit2.o(.ARM.Collect$$libinit$$00000021) for __rt_lib_init_clock_1
    libinit.o(.ARM.Collect$$libinit$$00000000) refers (Special) to libinit2.o(.ARM.Collect$$libinit$$00000032) for __rt_lib_init_cpp_1
    libinit.o(.ARM.Collect$$libinit$$00000000) refers (Special) to libinit2.o(.ARM.Collect$$libinit$$00000030) for __rt_lib_init_exceptions_1
    libinit.o(.ARM.Collect$$libinit$$00000000) refers (Special) to libinit2.o(.ARM.Collect$$libinit$$00000002) for __rt_lib_init_fp_1
    libinit.o(.ARM.Collect$$libinit$$00000000) refers (Special) to libinit2.o(.ARM.Collect$$libinit$$0000001F) for __rt_lib_init_fp_trap_1
    libinit.o(.ARM.Collect$$libinit$$00000000) refers (Special) to libinit2.o(.ARM.Collect$$libinit$$00000023) for __rt_lib_init_getenv_1
    libinit.o(.ARM.Collect$$libinit$$00000000) refers (Special) to libinit2.o(.ARM.Collect$$libinit$$0000000A) for __rt_lib_init_heap_1
    libinit.o(.ARM.Collect$$libinit$$00000000) refers (Special) to libinit2.o(.ARM.Collect$$libinit$$00000011) for __rt_lib_init_lc_collate_1
    libinit.o(.ARM.Collect$$libinit$$00000000) refers (Special) to libinit2.o(.ARM.Collect$$libinit$$00000013) for __rt_lib_init_lc_ctype_1
    libinit.o(.ARM.Collect$$libinit$$00000000) refers (Special) to libinit2.o(.ARM.Collect$$libinit$$00000015) for __rt_lib_init_lc_monetary_1
    libinit.o(.ARM.Collect$$libinit$$00000000) refers (Special) to libinit2.o(.ARM.Collect$$libinit$$00000017) for __rt_lib_init_lc_numeric_1
    libinit.o(.ARM.Collect$$libinit$$00000000) refers (Special) to libinit2.o(.ARM.Collect$$libinit$$00000019) for __rt_lib_init_lc_time_1
    libinit.o(.ARM.Collect$$libinit$$00000000) refers (Special) to libinit2.o(.ARM.Collect$$libinit$$00000004) for __rt_lib_init_preinit_1
    libinit.o(.ARM.Collect$$libinit$$00000000) refers (Special) to libinit2.o(.ARM.Collect$$libinit$$0000000E) for __rt_lib_init_rand_1
    libinit.o(.ARM.Collect$$libinit$$00000000) refers (Special) to libinit2.o(.ARM.Collect$$libinit$$00000033) for __rt_lib_init_return
    libinit.o(.ARM.Collect$$libinit$$00000000) refers (Special) to libinit2.o(.ARM.Collect$$libinit$$0000001D) for __rt_lib_init_signal_1
    libinit.o(.ARM.Collect$$libinit$$00000000) refers (Special) to libinit2.o(.ARM.Collect$$libinit$$00000025) for __rt_lib_init_stdio_1
    libinit.o(.ARM.Collect$$libinit$$00000000) refers (Special) to libinit2.o(.ARM.Collect$$libinit$$0000000C) for __rt_lib_init_user_alloc_1
    libspace.o(.text) refers to libspace.o(.bss) for __libspace_start
    rtexit.o(.ARM.Collect$$rtexit$$00000000) refers (Special) to rtexit2.o(.ARM.Collect$$rtexit$$00000004) for __rt_exit_exit
    rtexit.o(.ARM.Collect$$rtexit$$00000000) refers (Special) to rtexit2.o(.ARM.Collect$$rtexit$$00000003) for __rt_exit_ls
    rtexit.o(.ARM.Collect$$rtexit$$00000000) refers (Special) to rtexit2.o(.ARM.Collect$$rtexit$$00000002) for __rt_exit_prels_1
    rtexit.o(.ARM.exidx) refers (Special) to rtexit2.o(.ARM.Collect$$rtexit$$00000004) for __rt_exit_exit
    rtexit.o(.ARM.exidx) refers (Special) to rtexit2.o(.ARM.Collect$$rtexit$$00000003) for __rt_exit_ls
    rtexit.o(.ARM.exidx) refers (Special) to rtexit2.o(.ARM.Collect$$rtexit$$00000002) for __rt_exit_prels_1
    rtexit.o(.ARM.exidx) refers to rtexit.o(.ARM.Collect$$rtexit$$00000000) for .ARM.Collect$$rtexit$$00000000
    rt_raise.o(.text) refers to __raise.o(.text) for __raise
    rt_raise.o(.text) refers to sys_exit.o(.text) for _sys_exit
    defsig_exit.o(.text) refers to sys_exit.o(.text) for _sys_exit
    defsig_fpe_inner.o(.text) refers to defsig_general.o(.text) for __default_signal_display
    libinit2.o(.ARM.Collect$$libinit$$00000010) refers to libinit2.o(.ARM.Collect$$libinit$$0000000F) for .ARM.Collect$$libinit$$0000000F
    libinit2.o(.ARM.Collect$$libinit$$00000012) refers to libinit2.o(.ARM.Collect$$libinit$$0000000F) for .ARM.Collect$$libinit$$0000000F
    libinit2.o(.ARM.Collect$$libinit$$00000014) refers to libinit2.o(.ARM.Collect$$libinit$$0000000F) for .ARM.Collect$$libinit$$0000000F
    libinit2.o(.ARM.Collect$$libinit$$00000016) refers to libinit2.o(.ARM.Collect$$libinit$$0000000F) for .ARM.Collect$$libinit$$0000000F
    libinit2.o(.ARM.Collect$$libinit$$00000018) refers to libinit2.o(.ARM.Collect$$libinit$$0000000F) for .ARM.Collect$$libinit$$0000000F
    libinit2.o(.ARM.Collect$$libinit$$00000026) refers to argv_veneer.o(.text) for __ARM_argv_veneer
    libinit2.o(.ARM.Collect$$libinit$$00000027) refers to argv_veneer.o(.text) for __ARM_argv_veneer
    sys_exit.o(.text) refers (Special) to use_no_semi.o(.text) for __I$use$semihosting
    sys_exit.o(.text) refers (Special) to indicate_semi.o(.text) for __semihosting_library_function
    rtexit2.o(.ARM.Collect$$rtexit$$00000003) refers to libshutdown.o(.ARM.Collect$$libshutdown$$00000000) for __rt_lib_shutdown
    rtexit2.o(.ARM.Collect$$rtexit$$00000004) refers to sys_exit.o(.text) for _sys_exit
    rtexit2.o(.ARM.exidx) refers to rtexit2.o(.ARM.Collect$$rtexit$$00000001) for .ARM.Collect$$rtexit$$00000001
    rtexit2.o(.ARM.exidx) refers to rtexit2.o(.ARM.Collect$$rtexit$$00000003) for .ARM.Collect$$rtexit$$00000003
    rtexit2.o(.ARM.exidx) refers to rtexit2.o(.ARM.Collect$$rtexit$$00000004) for .ARM.Collect$$rtexit$$00000004
    __raise.o(.text) refers to defsig.o(CL$$defsig) for __default_signal_handler
    defsig_general.o(.text) refers to sys_wrch.o(.text) for _ttywrch
    sys_wrch.o(.text) refers (Special) to use_no_semi.o(.text) for __I$use$semihosting
    sys_wrch.o(.text) refers (Special) to indicate_semi.o(.text) for __semihosting_library_function
    defsig.o(CL$$defsig) refers to defsig_fpe_inner.o(.text) for __rt_SIGFPE_inner
    defsig.o(CL$$defsig) refers to defsig_rtmem_inner.o(.text) for __rt_SIGRTMEM_inner
    _get_argv_nomalloc.o(.text) refers (Special) to hrguard.o(.text) for __heap_region$guard
    _get_argv_nomalloc.o(.text) refers to defsig_rtmem_outer.o(.text) for __rt_SIGRTMEM
    _get_argv_nomalloc.o(.text) refers to sys_command.o(.text) for _sys_command_string
    libshutdown.o(.ARM.Collect$$libshutdown$$00000000) refers (Special) to libshutdown2.o(.ARM.Collect$$libshutdown$$00000002) for __rt_lib_shutdown_cpp_1
    libshutdown.o(.ARM.Collect$$libshutdown$$00000000) refers (Special) to libshutdown2.o(.ARM.Collect$$libshutdown$$00000007) for __rt_lib_shutdown_fp_trap_1
    libshutdown.o(.ARM.Collect$$libshutdown$$00000000) refers (Special) to libshutdown2.o(.ARM.Collect$$libshutdown$$0000000F) for __rt_lib_shutdown_heap_1
    libshutdown.o(.ARM.Collect$$libshutdown$$00000000) refers (Special) to libshutdown2.o(.ARM.Collect$$libshutdown$$00000010) for __rt_lib_shutdown_return
    libshutdown.o(.ARM.Collect$$libshutdown$$00000000) refers (Special) to libshutdown2.o(.ARM.Collect$$libshutdown$$0000000A) for __rt_lib_shutdown_signal_1
    libshutdown.o(.ARM.Collect$$libshutdown$$00000000) refers (Special) to libshutdown2.o(.ARM.Collect$$libshutdown$$00000004) for __rt_lib_shutdown_stdio_1
    libshutdown.o(.ARM.Collect$$libshutdown$$00000000) refers (Special) to libshutdown2.o(.ARM.Collect$$libshutdown$$0000000C) for __rt_lib_shutdown_user_alloc_1
    sys_command.o(.text) refers (Special) to use_no_semi.o(.text) for __I$use$semihosting
    sys_command.o(.text) refers (Special) to indicate_semi.o(.text) for __semihosting_library_function
    defsig_abrt_inner.o(.text) refers to defsig_general.o(.text) for __default_signal_display
    defsig_rtred_inner.o(.text) refers to defsig_general.o(.text) for __default_signal_display
    defsig_rtmem_inner.o(.text) refers to defsig_general.o(.text) for __default_signal_display
    defsig_rtmem_outer.o(.text) refers to defsig_rtmem_inner.o(.text) for __rt_SIGRTMEM_inner
    defsig_rtmem_outer.o(.text) refers to defsig_exit.o(.text) for __sig_exit
    defsig_rtmem_formal.o(.text) refers to rt_raise.o(.text) for __rt_raise
    defsig_stak_inner.o(.text) refers to defsig_general.o(.text) for __default_signal_display
    defsig_pvfn_inner.o(.text) refers to defsig_general.o(.text) for __default_signal_display
    defsig_cppl_inner.o(.text) refers to defsig_general.o(.text) for __default_signal_display
    defsig_segv_inner.o(.text) refers to defsig_general.o(.text) for __default_signal_display
    defsig_other.o(.text) refers to defsig_general.o(.text) for __default_signal_display


==============================================================================

Removing Unused input sections from the image.

    Removing main.o(.rev16_text), (4 bytes).
    Removing main.o(.revsh_text), (4 bytes).
    Removing main.o(i.Wait), (14 bytes).
    Removing i2c.o(.rev16_text), (4 bytes).
    Removing i2c.o(.revsh_text), (4 bytes).
    Removing i2c.o(i.DisableAckI2C), (20 bytes).
    Removing i2c.o(i.ReadByteI2C), (12 bytes).
    Removing i2c.o(i.ReadRegisterI2C), (102 bytes).
    Removing i2c.o(i.SendRestartI2C), (20 bytes).
    Removing i2c.o(.data), (1 bytes).
    Removing mpu6050.o(.rev16_text), (4 bytes).
    Removing mpu6050.o(.revsh_text), (4 bytes).
    Removing mpu6050.o(i.ReadAxisAccel), (70 bytes).
    Removing mpu6050.o(i.ReadTemperature), (76 bytes).
    Removing uart.o(.rev16_text), (4 bytes).
    Removing uart.o(.revsh_text), (4 bytes).
    Removing uart.o(i.GetValue), (44 bytes).
    Removing pit.o(.rev16_text), (4 bytes).
    Removing pit.o(.revsh_text), (4 bytes).
    Removing system_mkl25z4.o(.rev16_text), (4 bytes).
    Removing system_mkl25z4.o(.revsh_text), (4 bytes).
    Removing system_mkl25z4.o(i.SystemCoreClockUpdate), (400 bytes).
    Removing system_mkl25z4.o(.data), (4 bytes).
    Removing system_mkl25z4.o(i.__ARM_common_switch8), (28 bytes).

24 unused section(s) (total 839 bytes) removed from the image.

==============================================================================

Image Symbol Table

    Local Symbols

    Symbol Name                              Value     Ov Type        Size  Object(Section)

    RESET                                    0x00000000   Section      192  startup_mkl25z4.o(RESET)
    ../clib/angel/boardlib.s                 0x00000000   Number         0  boardinit3.o ABSOLUTE
    ../clib/angel/boardlib.s                 0x00000000   Number         0  boardshut.o ABSOLUTE
    ../clib/angel/boardlib.s                 0x00000000   Number         0  boardinit1.o ABSOLUTE
    ../clib/angel/boardlib.s                 0x00000000   Number         0  boardinit2.o ABSOLUTE
    ../clib/angel/handlers.s                 0x00000000   Number         0  __scatter_copy.o ABSOLUTE
    ../clib/angel/handlers.s                 0x00000000   Number         0  __scatter_zi.o ABSOLUTE
    ../clib/angel/kernel.s                   0x00000000   Number         0  rtexit2.o ABSOLUTE
    ../clib/angel/kernel.s                   0x00000000   Number         0  __rtentry4.o ABSOLUTE
    ../clib/angel/kernel.s                   0x00000000   Number         0  __rtentry.o ABSOLUTE
    ../clib/angel/kernel.s                   0x00000000   Number         0  __rtentry2.o ABSOLUTE
    ../clib/angel/kernel.s                   0x00000000   Number         0  rtexit.o ABSOLUTE
    ../clib/angel/rt.s                       0x00000000   Number         0  rt_raise.o ABSOLUTE
    ../clib/angel/rt.s                       0x00000000   Number         0  aeabi_idiv0.o ABSOLUTE
    ../clib/angel/rt.s                       0x00000000   Number         0  rt_div0.o ABSOLUTE
    ../clib/angel/rt.s                       0x00000000   Number         0  aeabi_idiv0_sigfpe.o ABSOLUTE
    ../clib/angel/scatterp.s                 0x00000000   Number         0  __scatter.o ABSOLUTE
    ../clib/angel/startup.s                  0x00000000   Number         0  __main.o ABSOLUTE
    ../clib/angel/sys.s                      0x00000000   Number         0  use_no_semi.o ABSOLUTE
    ../clib/angel/sys.s                      0x00000000   Number         0  indicate_semi.o ABSOLUTE
    ../clib/angel/sys.s                      0x00000000   Number         0  libspace.o ABSOLUTE
    ../clib/angel/sys.s                      0x00000000   Number         0  tempstk.o ABSOLUTE
    ../clib/angel/sys.s                      0x00000000   Number         0  sys_stackheap_outer.o ABSOLUTE
    ../clib/angel/sysapp.c                   0x00000000   Number         0  sys_wrch.o ABSOLUTE
    ../clib/angel/sysapp.c                   0x00000000   Number         0  sys_exit.o ABSOLUTE
    ../clib/angel/sysapp.c                   0x00000000   Number         0  sys_command.o ABSOLUTE
    ../clib/armsys.c                         0x00000000   Number         0  no_argv.o ABSOLUTE
    ../clib/armsys.c                         0x00000000   Number         0  argv_veneer.o ABSOLUTE
    ../clib/armsys.c                         0x00000000   Number         0  _get_argv_nomalloc.o ABSOLUTE
    ../clib/division.c                       0x00000000   Number         0  rtudiv10.o ABSOLUTE
    ../clib/division.s                       0x00000000   Number         0  aeabi_sdiv.o ABSOLUTE
    ../clib/division.s                       0x00000000   Number         0  aeabi_sdiv_div0.o ABSOLUTE
    ../clib/heapalloc.c                      0x00000000   Number         0  hrguard.o ABSOLUTE
    ../clib/heapaux.c                        0x00000000   Number         0  heapauxi.o ABSOLUTE
    ../clib/libinit.s                        0x00000000   Number         0  libshutdown2.o ABSOLUTE
    ../clib/libinit.s                        0x00000000   Number         0  libinit2.o ABSOLUTE
    ../clib/libinit.s                        0x00000000   Number         0  libinit.o ABSOLUTE
    ../clib/libinit.s                        0x00000000   Number         0  libshutdown.o ABSOLUTE
    ../clib/printf.c                         0x00000000   Number         0  __printf_flags_ss.o ABSOLUTE
    ../clib/printf.c                         0x00000000   Number         0  __printf_ss.o ABSOLUTE
    ../clib/printf.c                         0x00000000   Number         0  __printf_flags.o ABSOLUTE
    ../clib/printf.c                         0x00000000   Number         0  __printf.o ABSOLUTE
    ../clib/printf.c                         0x00000000   Number         0  __printf_wp.o ABSOLUTE
    ../clib/printf.c                         0x00000000   Number         0  noretval__2sprintf.o ABSOLUTE
    ../clib/printf.c                         0x00000000   Number         0  __2sprintf.o ABSOLUTE
    ../clib/printf.c                         0x00000000   Number         0  _printf_dec.o ABSOLUTE
    ../clib/printf.c                         0x00000000   Number         0  __printf_flags_wp.o ABSOLUTE
    ../clib/printf.c                         0x00000000   Number         0  __printf_ss_wp.o ABSOLUTE
    ../clib/printf.c                         0x00000000   Number         0  _printf_intcommon.o ABSOLUTE
    ../clib/printf.c                         0x00000000   Number         0  _printf_char_common.o ABSOLUTE
    ../clib/printf.c                         0x00000000   Number         0  __printf_flags_ss_wp.o ABSOLUTE
    ../clib/printf.c                         0x00000000   Number         0  __printf_nopercent.o ABSOLUTE
    ../clib/printf.c                         0x00000000   Number         0  _sputc.o ABSOLUTE
    ../clib/printf_percent.s                 0x00000000   Number         0  _printf_d.o ABSOLUTE
    ../clib/printf_percent.s                 0x00000000   Number         0  _printf_percent_end.o ABSOLUTE
    ../clib/printf_percent.s                 0x00000000   Number         0  _printf_percent.o ABSOLUTE
    ../clib/signal.c                         0x00000000   Number         0  defsig_rtmem_outer.o ABSOLUTE
    ../clib/signal.c                         0x00000000   Number         0  defsig_rtmem_inner.o ABSOLUTE
    ../clib/signal.c                         0x00000000   Number         0  defsig_rtred_inner.o ABSOLUTE
    ../clib/signal.c                         0x00000000   Number         0  defsig_abrt_inner.o ABSOLUTE
    ../clib/signal.c                         0x00000000   Number         0  defsig_fpe_formal.o ABSOLUTE
    ../clib/signal.c                         0x00000000   Number         0  defsig_general.o ABSOLUTE
    ../clib/signal.c                         0x00000000   Number         0  __raise.o ABSOLUTE
    ../clib/signal.c                         0x00000000   Number         0  defsig_fpe_outer.o ABSOLUTE
    ../clib/signal.c                         0x00000000   Number         0  defsig_fpe_inner.o ABSOLUTE
    ../clib/signal.c                         0x00000000   Number         0  defsig_exit.o ABSOLUTE
    ../clib/signal.c                         0x00000000   Number         0  defsig_segv_inner.o ABSOLUTE
    ../clib/signal.c                         0x00000000   Number         0  defsig_other.o ABSOLUTE
    ../clib/signal.c                         0x00000000   Number         0  defsig_cppl_inner.o ABSOLUTE
    ../clib/signal.c                         0x00000000   Number         0  defsig_pvfn_inner.o ABSOLUTE
    ../clib/signal.c                         0x00000000   Number         0  defsig_stak_inner.o ABSOLUTE
    ../clib/signal.c                         0x00000000   Number         0  defsig_rtmem_formal.o ABSOLUTE
    ../clib/signal.s                         0x00000000   Number         0  defsig.o ABSOLUTE
    ../clib/stdlib.c                         0x00000000   Number         0  exit.o ABSOLUTE
    ../fplib/cfplib/d2f.c                    0x00000000   Number         0  d2f.o ABSOLUTE
    ../fplib/cfplib/daddsub.c                0x00000000   Number         0  daddsub.o ABSOLUTE
    ../fplib/cfplib/fflt.c                   0x00000000   Number         0  dflti.o ABSOLUTE
    ../fplib/cfplib/fpinit.c                 0x00000000   Number         0  fpinit.o ABSOLUTE
    ../fplib/usenofp.s                       0x00000000   Number         0  usenofp.o ABSOLUTE
    MPU6050.c                                0x00000000   Number         0  mpu6050.o ABSOLUTE
    MPU6050.c                                0x00000000   Number         0  mpu6050.o ABSOLUTE
    RTE\Device\MKL25Z128xxx4\startup_MKL25Z4.s 0x00000000   Number         0  startup_mkl25z4.o ABSOLUTE
    RTE\Device\MKL25Z128xxx4\system_MKL25Z4.c 0x00000000   Number         0  system_mkl25z4.o ABSOLUTE
    RTE\\Device\\MKL25Z128xxx4\\system_MKL25Z4.c 0x00000000   Number         0  system_mkl25z4.o ABSOLUTE
    dc.s                                     0x00000000   Number         0  dc.o ABSOLUTE
    i2c.c                                    0x00000000   Number         0  i2c.o ABSOLUTE
    i2c.c                                    0x00000000   Number         0  i2c.o ABSOLUTE
    main.c                                   0x00000000   Number         0  main.o ABSOLUTE
    main.c                                   0x00000000   Number         0  main.o ABSOLUTE
    pit.c                                    0x00000000   Number         0  pit.o ABSOLUTE
    pit.c                                    0x00000000   Number         0  pit.o ABSOLUTE
    uart.c                                   0x00000000   Number         0  uart.o ABSOLUTE
    uart.c                                   0x00000000   Number         0  uart.o ABSOLUTE
    !!!main                                  0x000000c0   Section        8  __main.o(!!!main)
    !!!scatter                               0x000000c8   Section       60  __scatter.o(!!!scatter)
    !!handler_copy                           0x00000104   Section       26  __scatter_copy.o(!!handler_copy)
    !!handler_zi                             0x00000120   Section       28  __scatter_zi.o(!!handler_zi)
    .ARM.Collect$$_printf_percent$$00000000  0x0000013c   Section        2  _printf_percent.o(.ARM.Collect$$_printf_percent$$00000000)
    .ARM.Collect$$_printf_percent$$00000009  0x0000013e   Section       10  _printf_d.o(.ARM.Collect$$_printf_percent$$00000009)
    .ARM.Collect$$_printf_percent$$00000017  0x00000148   Section        4  _printf_percent_end.o(.ARM.Collect$$_printf_percent$$00000017)
    .ARM.Collect$$libinit$$00000000          0x0000014c   Section        2  libinit.o(.ARM.Collect$$libinit$$00000000)
    .ARM.Collect$$libinit$$00000002          0x0000014e   Section        0  libinit2.o(.ARM.Collect$$libinit$$00000002)
    .ARM.Collect$$libinit$$00000004          0x0000014e   Section        0  libinit2.o(.ARM.Collect$$libinit$$00000004)
    .ARM.Collect$$libinit$$0000000A          0x0000014e   Section        0  libinit2.o(.ARM.Collect$$libinit$$0000000A)
    .ARM.Collect$$libinit$$0000000C          0x0000014e   Section        0  libinit2.o(.ARM.Collect$$libinit$$0000000C)
    .ARM.Collect$$libinit$$0000000E          0x0000014e   Section        0  libinit2.o(.ARM.Collect$$libinit$$0000000E)
    .ARM.Collect$$libinit$$00000011          0x0000014e   Section        0  libinit2.o(.ARM.Collect$$libinit$$00000011)
    .ARM.Collect$$libinit$$00000013          0x0000014e   Section        0  libinit2.o(.ARM.Collect$$libinit$$00000013)
    .ARM.Collect$$libinit$$00000015          0x0000014e   Section        0  libinit2.o(.ARM.Collect$$libinit$$00000015)
    .ARM.Collect$$libinit$$00000017          0x0000014e   Section        0  libinit2.o(.ARM.Collect$$libinit$$00000017)
    .ARM.Collect$$libinit$$00000019          0x0000014e   Section        0  libinit2.o(.ARM.Collect$$libinit$$00000019)
    .ARM.Collect$$libinit$$0000001B          0x0000014e   Section        0  libinit2.o(.ARM.Collect$$libinit$$0000001B)
    .ARM.Collect$$libinit$$0000001D          0x0000014e   Section        0  libinit2.o(.ARM.Collect$$libinit$$0000001D)
    .ARM.Collect$$libinit$$0000001F          0x0000014e   Section        0  libinit2.o(.ARM.Collect$$libinit$$0000001F)
    .ARM.Collect$$libinit$$00000021          0x0000014e   Section        0  libinit2.o(.ARM.Collect$$libinit$$00000021)
    .ARM.Collect$$libinit$$00000023          0x0000014e   Section        0  libinit2.o(.ARM.Collect$$libinit$$00000023)
    .ARM.Collect$$libinit$$00000025          0x0000014e   Section        0  libinit2.o(.ARM.Collect$$libinit$$00000025)
    .ARM.Collect$$libinit$$0000002C          0x0000014e   Section        0  libinit2.o(.ARM.Collect$$libinit$$0000002C)
    .ARM.Collect$$libinit$$0000002E          0x0000014e   Section        0  libinit2.o(.ARM.Collect$$libinit$$0000002E)
    .ARM.Collect$$libinit$$00000030          0x0000014e   Section        0  libinit2.o(.ARM.Collect$$libinit$$00000030)
    .ARM.Collect$$libinit$$00000032          0x0000014e   Section        0  libinit2.o(.ARM.Collect$$libinit$$00000032)
    .ARM.Collect$$libinit$$00000033          0x0000014e   Section        2  libinit2.o(.ARM.Collect$$libinit$$00000033)
    .ARM.Collect$$libshutdown$$00000000      0x00000150   Section        2  libshutdown.o(.ARM.Collect$$libshutdown$$00000000)
    .ARM.Collect$$libshutdown$$00000002      0x00000152   Section        0  libshutdown2.o(.ARM.Collect$$libshutdown$$00000002)
    .ARM.Collect$$libshutdown$$00000004      0x00000152   Section        0  libshutdown2.o(.ARM.Collect$$libshutdown$$00000004)
    .ARM.Collect$$libshutdown$$00000007      0x00000152   Section        0  libshutdown2.o(.ARM.Collect$$libshutdown$$00000007)
    .ARM.Collect$$libshutdown$$0000000A      0x00000152   Section        0  libshutdown2.o(.ARM.Collect$$libshutdown$$0000000A)
    .ARM.Collect$$libshutdown$$0000000C      0x00000152   Section        0  libshutdown2.o(.ARM.Collect$$libshutdown$$0000000C)
    .ARM.Collect$$libshutdown$$0000000F      0x00000152   Section        0  libshutdown2.o(.ARM.Collect$$libshutdown$$0000000F)
    .ARM.Collect$$libshutdown$$00000010      0x00000152   Section        2  libshutdown2.o(.ARM.Collect$$libshutdown$$00000010)
    .ARM.Collect$$rtentry$$00000000          0x00000154   Section        0  __rtentry.o(.ARM.Collect$$rtentry$$00000000)
    .ARM.Collect$$rtentry$$00000002          0x00000154   Section        0  __rtentry2.o(.ARM.Collect$$rtentry$$00000002)
    .ARM.Collect$$rtentry$$00000004          0x00000154   Section        6  __rtentry4.o(.ARM.Collect$$rtentry$$00000004)
    .ARM.Collect$$rtentry$$00000009          0x0000015a   Section        0  __rtentry2.o(.ARM.Collect$$rtentry$$00000009)
    .ARM.Collect$$rtentry$$0000000A          0x0000015a   Section        4  __rtentry2.o(.ARM.Collect$$rtentry$$0000000A)
    .ARM.Collect$$rtentry$$0000000C          0x0000015e   Section        0  __rtentry2.o(.ARM.Collect$$rtentry$$0000000C)
    .ARM.Collect$$rtentry$$0000000D          0x0000015e   Section        8  __rtentry2.o(.ARM.Collect$$rtentry$$0000000D)
    .ARM.Collect$$rtexit$$00000000           0x00000166   Section        2  rtexit.o(.ARM.Collect$$rtexit$$00000000)
    .ARM.Collect$$rtexit$$00000002           0x00000168   Section        0  rtexit2.o(.ARM.Collect$$rtexit$$00000002)
    .ARM.Collect$$rtexit$$00000003           0x00000168   Section        4  rtexit2.o(.ARM.Collect$$rtexit$$00000003)
    .ARM.Collect$$rtexit$$00000004           0x0000016c   Section        6  rtexit2.o(.ARM.Collect$$rtexit$$00000004)
    .text                                    0x00000174   Section       64  startup_mkl25z4.o(.text)
    .text                                    0x000001b4   Section        0  noretval__2sprintf.o(.text)
    .text                                    0x000001dc   Section        0  __printf.o(.text)
    .text                                    0x00000248   Section        0  _printf_dec.o(.text)
    .text                                    0x000002b4   Section        0  heapauxi.o(.text)
    .text                                    0x000002ba   Section        0  _printf_intcommon.o(.text)
    .text                                    0x0000036c   Section        0  _printf_char_common.o(.text)
    _printf_input_char                       0x0000036d   Thumb Code    10  _printf_char_common.o(.text)
    .text                                    0x0000039c   Section        0  _sputc.o(.text)
    .text                                    0x000003a6   Section        0  rtudiv10.o(.text)
    .text                                    0x000003ce   Section        0  exit.o(.text)
    .text                                    0x000003e0   Section        8  libspace.o(.text)
    .text                                    0x000003e8   Section        0  sys_exit.o(.text)
    .text                                    0x000003f4   Section        2  use_no_semi.o(.text)
    .text                                    0x000003f6   Section        0  indicate_semi.o(.text)
    .ARM.__at_0x400                          0x00000400   Section       16  startup_mkl25z4.o(.ARM.__at_0x400)
    .text                                    0x00000410   Section       62  sys_stackheap_outer.o(.text)
    i.BusyI2C                                0x00000450   Section        0  i2c.o(i.BusyI2C)
    i.DisableI2C                             0x00000470   Section        0  i2c.o(i.DisableI2C)
    i.EnableI2C                              0x00000484   Section        0  i2c.o(i.EnableI2C)
    i.InitI2C                                0x00000498   Section        0  i2c.o(i.InitI2C)
    i.InitInput                              0x000004dc   Section        0  main.o(i.InitInput)
    i.MasterModeI2C                          0x00000548   Section        0  i2c.o(i.MasterModeI2C)
    i.MotionInit                             0x0000055c   Section        0  mpu6050.o(i.MotionInit)
    i.MpuInit                                0x000005a6   Section        0  mpu6050.o(i.MpuInit)
    i.NVIC_ClearPendingIRQ                   0x000005d4   Section        0  main.o(i.NVIC_ClearPendingIRQ)
    NVIC_ClearPendingIRQ                     0x000005d5   Thumb Code    14  main.o(i.NVIC_ClearPendingIRQ)
    i.NVIC_ClearPendingIRQ                   0x000005e8   Section        0  pit.o(i.NVIC_ClearPendingIRQ)
    NVIC_ClearPendingIRQ                     0x000005e9   Thumb Code    14  pit.o(i.NVIC_ClearPendingIRQ)
    i.NVIC_SetPriority                       0x000005fc   Section        0  main.o(i.NVIC_SetPriority)
    NVIC_SetPriority                         0x000005fd   Thumb Code   110  main.o(i.NVIC_SetPriority)
    i.NVIC_SetPriority                       0x00000674   Section        0  pit.o(i.NVIC_SetPriority)
    NVIC_SetPriority                         0x00000675   Thumb Code   110  pit.o(i.NVIC_SetPriority)
    i.PIT_IRQHandler                         0x000006ec   Section        0  pit.o(i.PIT_IRQHandler)
    i.PORTA_IRQHandler                       0x00000760   Section        0  main.o(i.PORTA_IRQHandler)
    i.ReceiveModeI2C                         0x0000077c   Section        0  i2c.o(i.ReceiveModeI2C)
    i.Recognise                              0x00000790   Section        0  main.o(i.Recognise)
    i.SendByteI2C                            0x000007d4   Section        0  i2c.o(i.SendByteI2C)
    i.SendModeI2C                            0x000007e0   Section        0  i2c.o(i.SendModeI2C)
    i.SendString                             0x000007f4   Section        0  uart.o(i.SendString)
    i.SetRangeAccel                          0x00000820   Section        0  mpu6050.o(i.SetRangeAccel)
    i.SlaveModeI2C                           0x00000850   Section        0  i2c.o(i.SlaveModeI2C)
    i.SystemInit                             0x00000864   Section        0  system_mkl25z4.o(i.SystemInit)
    i.WaitI2C                                0x0000099c   Section        0  i2c.o(i.WaitI2C)
    i.WriteRegisterI2C                       0x000009aa   Section        0  i2c.o(i.WriteRegisterI2C)
    i.code                                   0x000009f0   Section        0  main.o(i.code)
    i.ledInit                                0x00000ac0   Section        0  main.o(i.ledInit)
    i.main                                   0x00000b20   Section        0  main.o(i.main)
    i.pitInit                                0x00000b58   Section        0  pit.o(i.pitInit)
    i.uart_init                              0x00000bf4   Section        0  uart.o(i.uart_init)
    .constdata                               0x00000c78   Section       12  main.o(.constdata)
    .data                                    0x1ffff000   Section       16  pit.o(.data)
    .bss                                     0x1ffff010   Section       96  libspace.o(.bss)
    HEAP                                     0x1ffff070   Section        0  startup_mkl25z4.o(HEAP)
    STACK                                    0x1ffff070   Section      256  startup_mkl25z4.o(STACK)
    Heap_Mem                                 0x1ffff070   Data           0  startup_mkl25z4.o(HEAP)
    Stack_Mem                                0x1ffff070   Data         256  startup_mkl25z4.o(STACK)
    __initial_sp                             0x1ffff170   Data           0  startup_mkl25z4.o(STACK)

    Global Symbols

    Symbol Name                              Value     Ov Type        Size  Object(Section)

    BuildAttributes$$THM_ISAv3M$S$PE$A:L22$X:L11$S22$IEEE1$IW$USESV6$~STKCKD$USESV7$~SHL$OSPACE$ROPI$EBA8$UX$STANDARDLIB$REQ8$PRES8$EABIv2 0x00000000   Number         0  anon$$obj.o ABSOLUTE
    __ARM_use_no_argv                        0x00000000   Number         0  main.o ABSOLUTE
    __Vectors                                0x00000000   Data           4  startup_mkl25z4.o(RESET)
    __ARM_exceptions_init                     - Undefined Weak Reference
    __alloca_initialize                       - Undefined Weak Reference
    __arm_preinit_                            - Undefined Weak Reference
    __cpp_initialize__aeabi_                  - Undefined Weak Reference
    __cxa_finalize                            - Undefined Weak Reference
    __rt_locale                               - Undefined Weak Reference
    __sigvec_lookup                           - Undefined Weak Reference
    _atexit_init                              - Undefined Weak Reference
    _call_atexit_fns                          - Undefined Weak Reference
    _clock_init                               - Undefined Weak Reference
    _fp_trap_init                             - Undefined Weak Reference
    _fp_trap_shutdown                         - Undefined Weak Reference
    _get_lc_collate                           - Undefined Weak Reference
    _get_lc_ctype                             - Undefined Weak Reference
    _get_lc_monetary                          - Undefined Weak Reference
    _get_lc_numeric                           - Undefined Weak Reference
    _get_lc_time                              - Undefined Weak Reference
    _getenv_init                              - Undefined Weak Reference
    _handle_redirection                       - Undefined Weak Reference
    _init_alloc                               - Undefined Weak Reference
    _init_user_alloc                          - Undefined Weak Reference
    _initio                                   - Undefined Weak Reference
    _printf_post_padding                      - Undefined Weak Reference
    _printf_pre_padding                       - Undefined Weak Reference
    _printf_truncate_signed                   - Undefined Weak Reference
    _printf_truncate_unsigned                 - Undefined Weak Reference
    _rand_init                                - Undefined Weak Reference
    _signal_finish                            - Undefined Weak Reference
    _signal_init                              - Undefined Weak Reference
    _terminate_alloc                          - Undefined Weak Reference
    _terminate_user_alloc                     - Undefined Weak Reference
    _terminateio                              - Undefined Weak Reference
    __Vectors_End                            0x000000c0   Data           0  startup_mkl25z4.o(RESET)
    __Vectors_Size                           0x000000c0   Number         0  startup_mkl25z4.o ABSOLUTE
    __main                                   0x000000c1   Thumb Code     8  __main.o(!!!main)
    __scatterload                            0x000000c9   Thumb Code     0  __scatter.o(!!!scatter)
    __scatterload_rt2                        0x000000c9   Thumb Code    52  __scatter.o(!!!scatter)
    __scatterload_rt2_thumb_only             0x000000c9   Thumb Code     0  __scatter.o(!!!scatter)
    __scatterload_null                       0x000000d9   Thumb Code     0  __scatter.o(!!!scatter)
    __scatterload_copy                       0x00000105   Thumb Code    26  __scatter_copy.o(!!handler_copy)
    __scatterload_zeroinit                   0x00000121   Thumb Code    28  __scatter_zi.o(!!handler_zi)
    _printf_percent                          0x0000013d   Thumb Code     0  _printf_percent.o(.ARM.Collect$$_printf_percent$$00000000)
    _printf_d                                0x0000013f   Thumb Code     0  _printf_d.o(.ARM.Collect$$_printf_percent$$00000009)
    _printf_percent_end                      0x00000149   Thumb Code     0  _printf_percent_end.o(.ARM.Collect$$_printf_percent$$00000017)
    __rt_lib_init                            0x0000014d   Thumb Code     0  libinit.o(.ARM.Collect$$libinit$$00000000)
    __rt_lib_init_alloca_1                   0x0000014f   Thumb Code     0  libinit2.o(.ARM.Collect$$libinit$$0000002E)
    __rt_lib_init_argv_1                     0x0000014f   Thumb Code     0  libinit2.o(.ARM.Collect$$libinit$$0000002C)
    __rt_lib_init_atexit_1                   0x0000014f   Thumb Code     0  libinit2.o(.ARM.Collect$$libinit$$0000001B)
    __rt_lib_init_clock_1                    0x0000014f   Thumb Code     0  libinit2.o(.ARM.Collect$$libinit$$00000021)
    __rt_lib_init_cpp_1                      0x0000014f   Thumb Code     0  libinit2.o(.ARM.Collect$$libinit$$00000032)
    __rt_lib_init_exceptions_1               0x0000014f   Thumb Code     0  libinit2.o(.ARM.Collect$$libinit$$00000030)
    __rt_lib_init_fp_1                       0x0000014f   Thumb Code     0  libinit2.o(.ARM.Collect$$libinit$$00000002)
    __rt_lib_init_fp_trap_1                  0x0000014f   Thumb Code     0  libinit2.o(.ARM.Collect$$libinit$$0000001F)
    __rt_lib_init_getenv_1                   0x0000014f   Thumb Code     0  libinit2.o(.ARM.Collect$$libinit$$00000023)
    __rt_lib_init_heap_1                     0x0000014f   Thumb Code     0  libinit2.o(.ARM.Collect$$libinit$$0000000A)
    __rt_lib_init_lc_collate_1               0x0000014f   Thumb Code     0  libinit2.o(.ARM.Collect$$libinit$$00000011)
    __rt_lib_init_lc_ctype_1                 0x0000014f   Thumb Code     0  libinit2.o(.ARM.Collect$$libinit$$00000013)
    __rt_lib_init_lc_monetary_1              0x0000014f   Thumb Code     0  libinit2.o(.ARM.Collect$$libinit$$00000015)
    __rt_lib_init_lc_numeric_1               0x0000014f   Thumb Code     0  libinit2.o(.ARM.Collect$$libinit$$00000017)
    __rt_lib_init_lc_time_1                  0x0000014f   Thumb Code     0  libinit2.o(.ARM.Collect$$libinit$$00000019)
    __rt_lib_init_preinit_1                  0x0000014f   Thumb Code     0  libinit2.o(.ARM.Collect$$libinit$$00000004)
    __rt_lib_init_rand_1                     0x0000014f   Thumb Code     0  libinit2.o(.ARM.Collect$$libinit$$0000000E)
    __rt_lib_init_return                     0x0000014f   Thumb Code     0  libinit2.o(.ARM.Collect$$libinit$$00000033)
    __rt_lib_init_signal_1                   0x0000014f   Thumb Code     0  libinit2.o(.ARM.Collect$$libinit$$0000001D)
    __rt_lib_init_stdio_1                    0x0000014f   Thumb Code     0  libinit2.o(.ARM.Collect$$libinit$$00000025)
    __rt_lib_init_user_alloc_1               0x0000014f   Thumb Code     0  libinit2.o(.ARM.Collect$$libinit$$0000000C)
    __rt_lib_shutdown                        0x00000151   Thumb Code     0  libshutdown.o(.ARM.Collect$$libshutdown$$00000000)
    __rt_lib_shutdown_cpp_1                  0x00000153   Thumb Code     0  libshutdown2.o(.ARM.Collect$$libshutdown$$00000002)
    __rt_lib_shutdown_fp_trap_1              0x00000153   Thumb Code     0  libshutdown2.o(.ARM.Collect$$libshutdown$$00000007)
    __rt_lib_shutdown_heap_1                 0x00000153   Thumb Code     0  libshutdown2.o(.ARM.Collect$$libshutdown$$0000000F)
    __rt_lib_shutdown_return                 0x00000153   Thumb Code     0  libshutdown2.o(.ARM.Collect$$libshutdown$$00000010)
    __rt_lib_shutdown_signal_1               0x00000153   Thumb Code     0  libshutdown2.o(.ARM.Collect$$libshutdown$$0000000A)
    __rt_lib_shutdown_stdio_1                0x00000153   Thumb Code     0  libshutdown2.o(.ARM.Collect$$libshutdown$$00000004)
    __rt_lib_shutdown_user_alloc_1           0x00000153   Thumb Code     0  libshutdown2.o(.ARM.Collect$$libshutdown$$0000000C)
    __rt_entry                               0x00000155   Thumb Code     0  __rtentry.o(.ARM.Collect$$rtentry$$00000000)
    __rt_entry_presh_1                       0x00000155   Thumb Code     0  __rtentry2.o(.ARM.Collect$$rtentry$$00000002)
    __rt_entry_sh                            0x00000155   Thumb Code     0  __rtentry4.o(.ARM.Collect$$rtentry$$00000004)
    __rt_entry_li                            0x0000015b   Thumb Code     0  __rtentry2.o(.ARM.Collect$$rtentry$$0000000A)
    __rt_entry_postsh_1                      0x0000015b   Thumb Code     0  __rtentry2.o(.ARM.Collect$$rtentry$$00000009)
    __rt_entry_main                          0x0000015f   Thumb Code     0  __rtentry2.o(.ARM.Collect$$rtentry$$0000000D)
    __rt_entry_postli_1                      0x0000015f   Thumb Code     0  __rtentry2.o(.ARM.Collect$$rtentry$$0000000C)
    __rt_exit                                0x00000167   Thumb Code     0  rtexit.o(.ARM.Collect$$rtexit$$00000000)
    __rt_exit_ls                             0x00000169   Thumb Code     0  rtexit2.o(.ARM.Collect$$rtexit$$00000003)
    __rt_exit_prels_1                        0x00000169   Thumb Code     0  rtexit2.o(.ARM.Collect$$rtexit$$00000002)
    __rt_exit_exit                           0x0000016d   Thumb Code     0  rtexit2.o(.ARM.Collect$$rtexit$$00000004)
    Reset_Handler                            0x00000175   Thumb Code    12  startup_mkl25z4.o(.text)
    NMI_Handler                              0x00000181   Thumb Code     2  startup_mkl25z4.o(.text)
    HardFault_Handler                        0x00000183   Thumb Code     2  startup_mkl25z4.o(.text)
    SVC_Handler                              0x00000185   Thumb Code     2  startup_mkl25z4.o(.text)
    PendSV_Handler                           0x00000187   Thumb Code     2  startup_mkl25z4.o(.text)
    SysTick_Handler                          0x00000189   Thumb Code     2  startup_mkl25z4.o(.text)
    ADC0_IRQHandler                          0x0000018b   Thumb Code     0  startup_mkl25z4.o(.text)
    CMP0_IRQHandler                          0x0000018b   Thumb Code     0  startup_mkl25z4.o(.text)
    DAC0_IRQHandler                          0x0000018b   Thumb Code     0  startup_mkl25z4.o(.text)
    DMA0_IRQHandler                          0x0000018b   Thumb Code     0  startup_mkl25z4.o(.text)
    DMA1_IRQHandler                          0x0000018b   Thumb Code     0  startup_mkl25z4.o(.text)
    DMA2_IRQHandler                          0x0000018b   Thumb Code     0  startup_mkl25z4.o(.text)
    DMA3_IRQHandler                          0x0000018b   Thumb Code     0  startup_mkl25z4.o(.text)
    DefaultISR                               0x0000018b   Thumb Code     0  startup_mkl25z4.o(.text)
    FTFA_IRQHandler                          0x0000018b   Thumb Code     0  startup_mkl25z4.o(.text)
    I2C0_IRQHandler                          0x0000018b   Thumb Code     0  startup_mkl25z4.o(.text)
    I2C1_IRQHandler                          0x0000018b   Thumb Code     0  startup_mkl25z4.o(.text)
    LLWU_IRQHandler                          0x0000018b   Thumb Code     0  startup_mkl25z4.o(.text)
    LPTMR0_IRQHandler                        0x0000018b   Thumb Code     0  startup_mkl25z4.o(.text)
    LVD_LVW_IRQHandler                       0x0000018b   Thumb Code     0  startup_mkl25z4.o(.text)
    MCG_IRQHandler                           0x0000018b   Thumb Code     0  startup_mkl25z4.o(.text)
    PORTD_IRQHandler                         0x0000018b   Thumb Code     0  startup_mkl25z4.o(.text)
    RTC_IRQHandler                           0x0000018b   Thumb Code     0  startup_mkl25z4.o(.text)
    RTC_Seconds_IRQHandler                   0x0000018b   Thumb Code     0  startup_mkl25z4.o(.text)
    Reserved20_IRQHandler                    0x0000018b   Thumb Code     0  startup_mkl25z4.o(.text)
    Reserved39_IRQHandler                    0x0000018b   Thumb Code     0  startup_mkl25z4.o(.text)
    Reserved45_IRQHandler                    0x0000018b   Thumb Code     0  startup_mkl25z4.o(.text)
    SPI0_IRQHandler                          0x0000018b   Thumb Code     0  startup_mkl25z4.o(.text)
    SPI1_IRQHandler                          0x0000018b   Thumb Code     0  startup_mkl25z4.o(.text)
    TPM0_IRQHandler                          0x0000018b   Thumb Code     0  startup_mkl25z4.o(.text)
    TPM1_IRQHandler                          0x0000018b   Thumb Code     0  startup_mkl25z4.o(.text)
    TPM2_IRQHandler                          0x0000018b   Thumb Code     0  startup_mkl25z4.o(.text)
    TSI0_IRQHandler                          0x0000018b   Thumb Code     0  startup_mkl25z4.o(.text)
    UART0_IRQHandler                         0x0000018b   Thumb Code     0  startup_mkl25z4.o(.text)
    UART1_IRQHandler                         0x0000018b   Thumb Code     0  startup_mkl25z4.o(.text)
    UART2_IRQHandler                         0x0000018b   Thumb Code     0  startup_mkl25z4.o(.text)
    USB0_IRQHandler                          0x0000018b   Thumb Code     0  startup_mkl25z4.o(.text)
    __user_initial_stackheap                 0x00000191   Thumb Code     0  startup_mkl25z4.o(.text)
    __2sprintf                               0x000001b5   Thumb Code    36  noretval__2sprintf.o(.text)
    __printf                                 0x000001dd   Thumb Code   108  __printf.o(.text)
    _printf_int_dec                          0x00000249   Thumb Code    90  _printf_dec.o(.text)
    __use_two_region_memory                  0x000002b5   Thumb Code     2  heapauxi.o(.text)
    __rt_heap_escrow$2region                 0x000002b7   Thumb Code     2  heapauxi.o(.text)
    __rt_heap_expand$2region                 0x000002b9   Thumb Code     2  heapauxi.o(.text)
    _printf_int_common                       0x000002bb   Thumb Code   176  _printf_intcommon.o(.text)
    _printf_char_common                      0x00000377   Thumb Code    32  _printf_char_common.o(.text)
    _sputc                                   0x0000039d   Thumb Code    10  _sputc.o(.text)
    __rt_udiv10                              0x000003a7   Thumb Code    40  rtudiv10.o(.text)
    exit                                     0x000003cf   Thumb Code    16  exit.o(.text)
    __user_libspace                          0x000003e1   Thumb Code     8  libspace.o(.text)
    __user_perproc_libspace                  0x000003e1   Thumb Code     0  libspace.o(.text)
    __user_perthread_libspace                0x000003e1   Thumb Code     0  libspace.o(.text)
    _sys_exit                                0x000003e9   Thumb Code     8  sys_exit.o(.text)
    __I$use$semihosting                      0x000003f5   Thumb Code     0  use_no_semi.o(.text)
    __use_no_semihosting_swi                 0x000003f5   Thumb Code     2  use_no_semi.o(.text)
    __semihosting_library_function           0x000003f7   Thumb Code     0  indicate_semi.o(.text)
    __user_setup_stackheap                   0x00000411   Thumb Code    62  sys_stackheap_outer.o(.text)
    BusyI2C                                  0x00000451   Thumb Code    26  i2c.o(i.BusyI2C)
    DisableI2C                               0x00000471   Thumb Code    14  i2c.o(i.DisableI2C)
    EnableI2C                                0x00000485   Thumb Code    14  i2c.o(i.EnableI2C)
    InitI2C                                  0x00000499   Thumb Code    56  i2c.o(i.InitI2C)
    InitInput                                0x000004dd   Thumb Code    88  main.o(i.InitInput)
    MasterModeI2C                            0x00000549   Thumb Code    14  i2c.o(i.MasterModeI2C)
    MotionInit                               0x0000055d   Thumb Code    74  mpu6050.o(i.MotionInit)
    MpuInit                                  0x000005a7   Thumb Code    44  mpu6050.o(i.MpuInit)
    PIT_IRQHandler                           0x000006ed   Thumb Code    88  pit.o(i.PIT_IRQHandler)
    PORTA_IRQHandler                         0x00000761   Thumb Code    22  main.o(i.PORTA_IRQHandler)
    ReceiveModeI2C                           0x0000077d   Thumb Code    14  i2c.o(i.ReceiveModeI2C)
    Recognise                                0x00000791   Thumb Code    50  main.o(i.Recognise)
    SendByteI2C                              0x000007d5   Thumb Code     6  i2c.o(i.SendByteI2C)
    SendModeI2C                              0x000007e1   Thumb Code    14  i2c.o(i.SendModeI2C)
    SendString                               0x000007f5   Thumb Code    38  uart.o(i.SendString)
    SetRangeAccel                            0x00000821   Thumb Code    46  mpu6050.o(i.SetRangeAccel)
    SlaveModeI2C                             0x00000851   Thumb Code    14  i2c.o(i.SlaveModeI2C)
    SystemInit                               0x00000865   Thumb Code   266  system_mkl25z4.o(i.SystemInit)
    WaitI2C                                  0x0000099d   Thumb Code    14  i2c.o(i.WaitI2C)
    WriteRegisterI2C                         0x000009ab   Thumb Code    70  i2c.o(i.WriteRegisterI2C)
    code                                     0x000009f1   Thumb Code   142  main.o(i.code)
    ledInit                                  0x00000ac1   Thumb Code    80  main.o(i.ledInit)
    main                                     0x00000b21   Thumb Code    46  main.o(i.main)
    pitInit                                  0x00000b59   Thumb Code   136  pit.o(i.pitInit)
    uart_init                                0x00000bf5   Thumb Code   118  uart.o(i.uart_init)
    LedMask                                  0x00000c78   Data          12  main.o(.constdata)
    Region$$Table$$Base                      0x00000c84   Number         0  anon$$obj.o(Region$$Table)
    Region$$Table$$Limit                     0x00000ca4   Number         0  anon$$obj.o(Region$$Table)
    starting_value                           0x1ffff000   Data           4  pit.o(.data)
    value100ms                               0x1ffff004   Data           4  pit.o(.data)
    timer_on                                 0x1ffff008   Data           1  pit.o(.data)
    timer_value                              0x1ffff00c   Data           4  pit.o(.data)
    __libspace_start                         0x1ffff010   Data          96  libspace.o(.bss)
    __temporary_stack_top$libspace           0x1ffff070   Data           0  libspace.o(.bss)



==============================================================================

Memory Map of the image

  Image Entry point : 0x00000175

  Load Region LR_1 (Base: 0x00000000, Size: 0x00000cb4, Max: 0xffffffff, ABSOLUTE)

    Execution Region ER_RO (Base: 0x00000000, Size: 0x00000ca4, Max: 0xffffffff, ABSOLUTE)

    Base Addr    Size         Type   Attr      Idx    E Section Name        Object

    0x00000000   0x000000c0   Data   RO          344    RESET               startup_mkl25z4.o
    0x000000c0   0x00000008   Code   RO          424  * !!!main             c_p.l(__main.o)
    0x000000c8   0x0000003c   Code   RO          611    !!!scatter          c_p.l(__scatter.o)
    0x00000104   0x0000001a   Code   RO          613    !!handler_copy      c_p.l(__scatter_copy.o)
    0x0000011e   0x00000002   PAD
    0x00000120   0x0000001c   Code   RO          615    !!handler_zi        c_p.l(__scatter_zi.o)
    0x0000013c   0x00000002   Code   RO          417    .ARM.Collect$$_printf_percent$$00000000  c_p.l(_printf_percent.o)
    0x0000013e   0x0000000a   Code   RO          416    .ARM.Collect$$_printf_percent$$00000009  c_p.l(_printf_d.o)
    0x00000148   0x00000004   Code   RO          443    .ARM.Collect$$_printf_percent$$00000017  c_p.l(_printf_percent_end.o)
    0x0000014c   0x00000002   Code   RO          480    .ARM.Collect$$libinit$$00000000  c_p.l(libinit.o)
    0x0000014e   0x00000000   Code   RO          494    .ARM.Collect$$libinit$$00000002  c_p.l(libinit2.o)
    0x0000014e   0x00000000   Code   RO          496    .ARM.Collect$$libinit$$00000004  c_p.l(libinit2.o)
    0x0000014e   0x00000000   Code   RO          499    .ARM.Collect$$libinit$$0000000A  c_p.l(libinit2.o)
    0x0000014e   0x00000000   Code   RO          501    .ARM.Collect$$libinit$$0000000C  c_p.l(libinit2.o)
    0x0000014e   0x00000000   Code   RO          503    .ARM.Collect$$libinit$$0000000E  c_p.l(libinit2.o)
    0x0000014e   0x00000000   Code   RO          506    .ARM.Collect$$libinit$$00000011  c_p.l(libinit2.o)
    0x0000014e   0x00000000   Code   RO          508    .ARM.Collect$$libinit$$00000013  c_p.l(libinit2.o)
    0x0000014e   0x00000000   Code   RO          510    .ARM.Collect$$libinit$$00000015  c_p.l(libinit2.o)
    0x0000014e   0x00000000   Code   RO          512    .ARM.Collect$$libinit$$00000017  c_p.l(libinit2.o)
    0x0000014e   0x00000000   Code   RO          514    .ARM.Collect$$libinit$$00000019  c_p.l(libinit2.o)
    0x0000014e   0x00000000   Code   RO          516    .ARM.Collect$$libinit$$0000001B  c_p.l(libinit2.o)
    0x0000014e   0x00000000   Code   RO          518    .ARM.Collect$$libinit$$0000001D  c_p.l(libinit2.o)
    0x0000014e   0x00000000   Code   RO          520    .ARM.Collect$$libinit$$0000001F  c_p.l(libinit2.o)
    0x0000014e   0x00000000   Code   RO          522    .ARM.Collect$$libinit$$00000021  c_p.l(libinit2.o)
    0x0000014e   0x00000000   Code   RO          524    .ARM.Collect$$libinit$$00000023  c_p.l(libinit2.o)
    0x0000014e   0x00000000   Code   RO          526    .ARM.Collect$$libinit$$00000025  c_p.l(libinit2.o)
    0x0000014e   0x00000000   Code   RO          530    .ARM.Collect$$libinit$$0000002C  c_p.l(libinit2.o)
    0x0000014e   0x00000000   Code   RO          532    .ARM.Collect$$libinit$$0000002E  c_p.l(libinit2.o)
    0x0000014e   0x00000000   Code   RO          534    .ARM.Collect$$libinit$$00000030  c_p.l(libinit2.o)
    0x0000014e   0x00000000   Code   RO          536    .ARM.Collect$$libinit$$00000032  c_p.l(libinit2.o)
    0x0000014e   0x00000002   Code   RO          537    .ARM.Collect$$libinit$$00000033  c_p.l(libinit2.o)
    0x00000150   0x00000002   Code   RO          568    .ARM.Collect$$libshutdown$$00000000  c_p.l(libshutdown.o)
    0x00000152   0x00000000   Code   RO          594    .ARM.Collect$$libshutdown$$00000002  c_p.l(libshutdown2.o)
    0x00000152   0x00000000   Code   RO          596    .ARM.Collect$$libshutdown$$00000004  c_p.l(libshutdown2.o)
    0x00000152   0x00000000   Code   RO          599    .ARM.Collect$$libshutdown$$00000007  c_p.l(libshutdown2.o)
    0x00000152   0x00000000   Code   RO          602    .ARM.Collect$$libshutdown$$0000000A  c_p.l(libshutdown2.o)
    0x00000152   0x00000000   Code   RO          604    .ARM.Collect$$libshutdown$$0000000C  c_p.l(libshutdown2.o)
    0x00000152   0x00000000   Code   RO          607    .ARM.Collect$$libshutdown$$0000000F  c_p.l(libshutdown2.o)
    0x00000152   0x00000002   Code   RO          608    .ARM.Collect$$libshutdown$$00000010  c_p.l(libshutdown2.o)
    0x00000154   0x00000000   Code   RO          432    .ARM.Collect$$rtentry$$00000000  c_p.l(__rtentry.o)
    0x00000154   0x00000000   Code   RO          448    .ARM.Collect$$rtentry$$00000002  c_p.l(__rtentry2.o)
    0x00000154   0x00000006   Code   RO          460    .ARM.Collect$$rtentry$$00000004  c_p.l(__rtentry4.o)
    0x0000015a   0x00000000   Code   RO          450    .ARM.Collect$$rtentry$$00000009  c_p.l(__rtentry2.o)
    0x0000015a   0x00000004   Code   RO          451    .ARM.Collect$$rtentry$$0000000A  c_p.l(__rtentry2.o)
    0x0000015e   0x00000000   Code   RO          453    .ARM.Collect$$rtentry$$0000000C  c_p.l(__rtentry2.o)
    0x0000015e   0x00000008   Code   RO          454    .ARM.Collect$$rtentry$$0000000D  c_p.l(__rtentry2.o)
    0x00000166   0x00000002   Code   RO          485    .ARM.Collect$$rtexit$$00000000  c_p.l(rtexit.o)
    0x00000168   0x00000000   Code   RO          541    .ARM.Collect$$rtexit$$00000002  c_p.l(rtexit2.o)
    0x00000168   0x00000004   Code   RO          542    .ARM.Collect$$rtexit$$00000003  c_p.l(rtexit2.o)
    0x0000016c   0x00000006   Code   RO          543    .ARM.Collect$$rtexit$$00000004  c_p.l(rtexit2.o)
    0x00000172   0x00000002   PAD
    0x00000174   0x00000040   Code   RO          346  * .text               startup_mkl25z4.o
    0x000001b4   0x00000028   Code   RO          390    .text               c_p.l(noretval__2sprintf.o)
    0x000001dc   0x0000006c   Code   RO          392    .text               c_p.l(__printf.o)
    0x00000248   0x0000006c   Code   RO          394    .text               c_p.l(_printf_dec.o)
    0x000002b4   0x00000006   Code   RO          422    .text               c_p.l(heapauxi.o)
    0x000002ba   0x000000b0   Code   RO          437    .text               c_p.l(_printf_intcommon.o)
    0x0000036a   0x00000002   PAD
    0x0000036c   0x00000030   Code   RO          439    .text               c_p.l(_printf_char_common.o)
    0x0000039c   0x0000000a   Code   RO          441    .text               c_p.l(_sputc.o)
    0x000003a6   0x00000028   Code   RO          444    .text               c_p.l(rtudiv10.o)
    0x000003ce   0x00000010   Code   RO          469    .text               c_p.l(exit.o)
    0x000003de   0x00000002   PAD
    0x000003e0   0x00000008   Code   RO          481    .text               c_p.l(libspace.o)
    0x000003e8   0x0000000c   Code   RO          538    .text               c_p.l(sys_exit.o)
    0x000003f4   0x00000002   Code   RO          557    .text               c_p.l(use_no_semi.o)
    0x000003f6   0x00000000   Code   RO          559    .text               c_p.l(indicate_semi.o)
    0x000003f6   0x0000000a   PAD
    0x00000400   0x00000010   Code   RO          345    .ARM.__at_0x400     startup_mkl25z4.o
    0x00000410   0x0000003e   Code   RO          466    .text               c_p.l(sys_stackheap_outer.o)
    0x0000044e   0x00000002   PAD
    0x00000450   0x00000020   Code   RO          110    i.BusyI2C           i2c.o
    0x00000470   0x00000014   Code   RO          112    i.DisableI2C        i2c.o
    0x00000484   0x00000014   Code   RO          113    i.EnableI2C         i2c.o
    0x00000498   0x00000044   Code   RO          114    i.InitI2C           i2c.o
    0x000004dc   0x0000006c   Code   RO            3    i.InitInput         main.o
    0x00000548   0x00000014   Code   RO          115    i.MasterModeI2C     i2c.o
    0x0000055c   0x0000004a   Code   RO          223    i.MotionInit        mpu6050.o
    0x000005a6   0x0000002c   Code   RO          224    i.MpuInit           mpu6050.o
    0x000005d2   0x00000002   PAD
    0x000005d4   0x00000014   Code   RO            4    i.NVIC_ClearPendingIRQ  main.o
    0x000005e8   0x00000014   Code   RO          299    i.NVIC_ClearPendingIRQ  pit.o
    0x000005fc   0x00000078   Code   RO            5    i.NVIC_SetPriority  main.o
    0x00000674   0x00000078   Code   RO          300    i.NVIC_SetPriority  pit.o
    0x000006ec   0x00000074   Code   RO          301    i.PIT_IRQHandler    pit.o
    0x00000760   0x0000001c   Code   RO            6    i.PORTA_IRQHandler  main.o
    0x0000077c   0x00000014   Code   RO          118    i.ReceiveModeI2C    i2c.o
    0x00000790   0x00000044   Code   RO            7    i.Recognise         main.o
    0x000007d4   0x0000000c   Code   RO          119    i.SendByteI2C       i2c.o
    0x000007e0   0x00000014   Code   RO          120    i.SendModeI2C       i2c.o
    0x000007f4   0x0000002c   Code   RO          268    i.SendString        uart.o
    0x00000820   0x0000002e   Code   RO          227    i.SetRangeAccel     mpu6050.o
    0x0000084e   0x00000002   PAD
    0x00000850   0x00000014   Code   RO          122    i.SlaveModeI2C      i2c.o
    0x00000864   0x00000138   Code   RO          355    i.SystemInit        system_mkl25z4.o
    0x0000099c   0x0000000e   Code   RO          123    i.WaitI2C           i2c.o
    0x000009aa   0x00000046   Code   RO          124    i.WriteRegisterI2C  i2c.o
    0x000009f0   0x000000d0   Code   RO            9    i.code              main.o
    0x00000ac0   0x00000060   Code   RO           10    i.ledInit           main.o
    0x00000b20   0x00000038   Code   RO           11    i.main              main.o
    0x00000b58   0x0000009c   Code   RO          302    i.pitInit           pit.o
    0x00000bf4   0x00000084   Code   RO          269    i.uart_init         uart.o
    0x00000c78   0x0000000c   Data   RO           12    .constdata          main.o
    0x00000c84   0x00000020   Data   RO          609    Region$$Table       anon$$obj.o


    Execution Region ER_RW (Base: 0x1ffff000, Size: 0x00000010, Max: 0xffffffff, ABSOLUTE)

    Base Addr    Size         Type   Attr      Idx    E Section Name        Object

    0x1ffff000   0x00000010   Data   RW          303    .data               pit.o


    Execution Region ER_ZI (Base: 0x1ffff010, Size: 0x00000160, Max: 0xffffffff, ABSOLUTE)

    Base Addr    Size         Type   Attr      Idx    E Section Name        Object

    0x1ffff010   0x00000060   Zero   RW          482    .bss                c_p.l(libspace.o)
    0x1ffff070   0x00000000   Zero   RW          343    HEAP                startup_mkl25z4.o
    0x1ffff070   0x00000100   Zero   RW          342    STACK               startup_mkl25z4.o


==============================================================================

Image component sizes


      Code (inc. data)   RO Data    RW Data    ZI Data      Debug   Object Name

       316         60          0          0          0     216054   i2c.o
       704        152         12          0          0     226961   main.o
       164          0          0          0          0       1383   mpu6050.o
       412         64          0         16          0       8840   pit.o
        80         44        192          0        256        908   startup_mkl25z4.o
       312         46          0          0          0        593   system_mkl25z4.o
       176         20          0          0          0        905   uart.o

    ----------------------------------------------------------------------
      2168        386        236         16        256     455644   Object Totals
         0          0         32          0          0          0   (incl. Generated)
         4          0          0          0          0          0   (incl. Padding)

    ----------------------------------------------------------------------

      Code (inc. data)   RO Data    RW Data    ZI Data      Debug   Library Member Name

         8          0          0          0          0         68   __main.o
       108          0          0          0          0         76   __printf.o
         0          0          0          0          0          0   __rtentry.o
        12          0          0          0          0          0   __rtentry2.o
         6          0          0          0          0          0   __rtentry4.o
        60          8          0          0          0          0   __scatter.o
        26          0          0          0          0          0   __scatter_copy.o
        28          0          0          0          0          0   __scatter_zi.o
        48          6          0          0          0         88   _printf_char_common.o
        10          0          0          0          0          0   _printf_d.o
       108         18          0          0          0         76   _printf_dec.o
       176          0          0          0          0         84   _printf_intcommon.o
         2          0          0          0          0          0   _printf_percent.o
         4          0          0          0          0          0   _printf_percent_end.o
        10          0          0          0          0         60   _sputc.o
        16          0          0          0          0         68   exit.o
         6          0          0          0          0        136   heapauxi.o
         0          0          0          0          0          0   indicate_semi.o
         2          0          0          0          0          0   libinit.o
         2          0          0          0          0          0   libinit2.o
         2          0          0          0          0          0   libshutdown.o
         2          0          0          0          0          0   libshutdown2.o
         8          4          0          0         96         68   libspace.o
        40          4          0          0          0         84   noretval__2sprintf.o
         2          0          0          0          0          0   rtexit.o
        10          0          0          0          0          0   rtexit2.o
        40          0          0          0          0         60   rtudiv10.o
        12          4          0          0          0         60   sys_exit.o
        62          0          0          0          0         80   sys_stackheap_outer.o
         2          0          0          0          0         68   use_no_semi.o

    ----------------------------------------------------------------------
       832         44          0          0         96       1076   Library Totals
        20          0          0          0          0          0   (incl. Padding)

    ----------------------------------------------------------------------

      Code (inc. data)   RO Data    RW Data    ZI Data      Debug   Library Name

       812         44          0          0         96       1076   c_p.l

    ----------------------------------------------------------------------
       832         44          0          0         96       1076   Library Totals

    ----------------------------------------------------------------------

==============================================================================


      Code (inc. data)   RO Data    RW Data    ZI Data      Debug   

      3000        430        236         16        352     455132   Grand Totals
      3000        430        236         16        352     455132   ELF Image Totals
      3000        430        236         16          0          0   ROM Totals

==============================================================================

    Total RO  Size (Code + RO Data)                 3236 (   3.16kB)
    Total RW  Size (RW Data + ZI Data)               368 (   0.36kB)
    Total ROM Size (Code + RO Data + RW Data)       3252 (   3.18kB)

==============================================================================

